<html>
<body>
<pre>
<h1>�Vision Build Log</h1>
<h2>Tool Versions:</h2>
IDE-Version: ��Vision V5.25.3.0
Copyright (C) 2018 ARM Ltd and ARM Germany GmbH. All rights reserved.
License Information: 1 3219694426@qq.com, 2, LIC=R4HV2-9DISU-C2UL6-DXFQV-VIYF5-MR5TZ
 
Tool Versions:
Toolchain:       MDK-ARM Professional  Version: 5.34.0.0
Toolchain Path:  D:\Program Files\Keil_v5\ARM\ARMCLANG\Bin
C Compiler:      ArmClang.exe V6.16
Assembler:       Armasm.exe V6.16
Linker/Locator:  ArmLink.exe V6.16
Library Manager: ArmAr.exe V6.16
Hex Converter:   FromElf.exe V6.16
CPU DLL:         SARMCM3.DLL V5.34.0.0
Dialog DLL:      DCM.DLL V1.17.3.0
Target DLL:      Segger\JL2CM3.dll V2.99.38.0
Dialog DLL:      TCM.DLL V1.48.0.0
 
<h2>Project:</h2>
C:\Users\32196\Desktop\led_matrix\GD32F30x_Firmware_Library_V3.0.1\GD32F30x_Firmware_Library_V3.0.1\Template\Keil5_project\Project.uvprojx
Project File Date:  08/14/2025

<h2>Output:</h2>
*** Using Compiler 'V6.16', folder: 'D:\Program Files\Keil_v5\ARM\ARMCLANG\Bin'
Build target 'GD32F30X_HD'
compiling main.c...
../rab_matrix.c(186): warning: passing 'volatile RGB_t *' to parameter of type 'RGB_t *' discards qualifiers [-Wincompatible-pointer-types-discards-qualifiers]
                write_data(&screen_buffer[line+24][i], mask);
                           ^~~~~~~~~~~~~~~~~~~~~~~~~~
../rab_matrix.c(166): note: passing argument to parameter 'data' here
static inline void write_data(RGB_t *data, uint8_t mask)
                                     ^
../rab_matrix.c(188): warning: passing 'volatile RGB_t *' to parameter of type 'RGB_t *' discards qualifiers [-Wincompatible-pointer-types-discards-qualifiers]
        write_data(&screen_buffer[0][0], 0);//插入三个空数据
                   ^~~~~~~~~~~~~~~~~~~~
../rab_matrix.c(166): note: passing argument to parameter 'data' here
static inline void write_data(RGB_t *data, uint8_t mask)
                                     ^
../rab_matrix.c(189): warning: passing 'volatile RGB_t *' to parameter of type 'RGB_t *' discards qualifiers [-Wincompatible-pointer-types-discards-qualifiers]
        write_data(&screen_buffer[0][0], 0);
                   ^~~~~~~~~~~~~~~~~~~~
../rab_matrix.c(166): note: passing argument to parameter 'data' here
static inline void write_data(RGB_t *data, uint8_t mask)
                                     ^
../rab_matrix.c(190): warning: passing 'volatile RGB_t *' to parameter of type 'RGB_t *' discards qualifiers [-Wincompatible-pointer-types-discards-qualifiers]
        write_data(&screen_buffer[0][0], 0);
                   ^~~~~~~~~~~~~~~~~~~~
../rab_matrix.c(166): note: passing argument to parameter 'data' here
static inline void write_data(RGB_t *data, uint8_t mask)
                                     ^
../rab_matrix.c(193): warning: passing 'volatile RGB_t *' to parameter of type 'RGB_t *' discards qualifiers [-Wincompatible-pointer-types-discards-qualifiers]
                write_data(&screen_buffer[line+24][i], mask);
                           ^~~~~~~~~~~~~~~~~~~~~~~~~~
../rab_matrix.c(166): note: passing argument to parameter 'data' here
static inline void write_data(RGB_t *data, uint8_t mask)
                                     ^
../rab_matrix.c(195): warning: passing 'volatile RGB_t *' to parameter of type 'RGB_t *' discards qualifiers [-Wincompatible-pointer-types-discards-qualifiers]
        write_data(&screen_buffer[0][0], 0);//插入三个空数据
                   ^~~~~~~~~~~~~~~~~~~~
../rab_matrix.c(166): note: passing argument to parameter 'data' here
static inline void write_data(RGB_t *data, uint8_t mask)
                                     ^
../rab_matrix.c(196): warning: passing 'volatile RGB_t *' to parameter of type 'RGB_t *' discards qualifiers [-Wincompatible-pointer-types-discards-qualifiers]
        write_data(&screen_buffer[0][0], 0);
                   ^~~~~~~~~~~~~~~~~~~~
../rab_matrix.c(166): note: passing argument to parameter 'data' here
static inline void write_data(RGB_t *data, uint8_t mask)
                                     ^
../rab_matrix.c(197): warning: passing 'volatile RGB_t *' to parameter of type 'RGB_t *' discards qualifiers [-Wincompatible-pointer-types-discards-qualifiers]
        write_data(&screen_buffer[0][0], 0);
                   ^~~~~~~~~~~~~~~~~~~~
../rab_matrix.c(166): note: passing argument to parameter 'data' here
static inline void write_data(RGB_t *data, uint8_t mask)
                                     ^
../rab_matrix.c(200): warning: passing 'volatile RGB_t *' to parameter of type 'RGB_t *' discards qualifiers [-Wincompatible-pointer-types-discards-qualifiers]
                write_data(&screen_buffer[line+24][i], mask);
                           ^~~~~~~~~~~~~~~~~~~~~~~~~~
../rab_matrix.c(166): note: passing argument to parameter 'data' here
static inline void write_data(RGB_t *data, uint8_t mask)
                                     ^
../rab_matrix.c(203): warning: passing 'volatile RGB_t *' to parameter of type 'RGB_t *' discards qualifiers [-Wincompatible-pointer-types-discards-qualifiers]
        write_data(&screen_buffer[0][0], 0);//插入三个空数据
                   ^~~~~~~~~~~~~~~~~~~~
../rab_matrix.c(166): note: passing argument to parameter 'data' here
static inline void write_data(RGB_t *data, uint8_t mask)
                                     ^
../rab_matrix.c(204): warning: passing 'volatile RGB_t *' to parameter of type 'RGB_t *' discards qualifiers [-Wincompatible-pointer-types-discards-qualifiers]
        write_data(&screen_buffer[0][0], 0);
                   ^~~~~~~~~~~~~~~~~~~~
../rab_matrix.c(166): note: passing argument to parameter 'data' here
static inline void write_data(RGB_t *data, uint8_t mask)
                                     ^
../rab_matrix.c(205): warning: passing 'volatile RGB_t *' to parameter of type 'RGB_t *' discards qualifiers [-Wincompatible-pointer-types-discards-qualifiers]
        write_data(&screen_buffer[0][0], 0);
                   ^~~~~~~~~~~~~~~~~~~~
../rab_matrix.c(166): note: passing argument to parameter 'data' here
static inline void write_data(RGB_t *data, uint8_t mask)
                                     ^
../rab_matrix.c(208): warning: passing 'volatile RGB_t *' to parameter of type 'RGB_t *' discards qualifiers [-Wincompatible-pointer-types-discards-qualifiers]
                write_data(&screen_buffer[line+16][i], mask);
                           ^~~~~~~~~~~~~~~~~~~~~~~~~~
../rab_matrix.c(166): note: passing argument to parameter 'data' here
static inline void write_data(RGB_t *data, uint8_t mask)
                                     ^
../rab_matrix.c(210): warning: passing 'volatile RGB_t *' to parameter of type 'RGB_t *' discards qualifiers [-Wincompatible-pointer-types-discards-qualifiers]
        write_data(&screen_buffer[0][0], 0);//插入三个空数据
                   ^~~~~~~~~~~~~~~~~~~~
../rab_matrix.c(166): note: passing argument to parameter 'data' here
static inline void write_data(RGB_t *data, uint8_t mask)
                                     ^
../rab_matrix.c(211): warning: passing 'volatile RGB_t *' to parameter of type 'RGB_t *' discards qualifiers [-Wincompatible-pointer-types-discards-qualifiers]
        write_data(&screen_buffer[0][0], 0);
                   ^~~~~~~~~~~~~~~~~~~~
../rab_matrix.c(166): note: passing argument to parameter 'data' here
static inline void write_data(RGB_t *data, uint8_t mask)
                                     ^
../rab_matrix.c(212): warning: passing 'volatile RGB_t *' to parameter of type 'RGB_t *' discards qualifiers [-Wincompatible-pointer-types-discards-qualifiers]
        write_data(&screen_buffer[0][0], 0);
                   ^~~~~~~~~~~~~~~~~~~~
../rab_matrix.c(166): note: passing argument to parameter 'data' here
static inline void write_data(RGB_t *data, uint8_t mask)
                                     ^
../rab_matrix.c(216): warning: passing 'volatile RGB_t *' to parameter of type 'RGB_t *' discards qualifiers [-Wincompatible-pointer-types-discards-qualifiers]
                write_data(&screen_buffer[line+8][i], mask);
                           ^~~~~~~~~~~~~~~~~~~~~~~~~
../rab_matrix.c(166): note: passing argument to parameter 'data' here
static inline void write_data(RGB_t *data, uint8_t mask)
                                     ^
../rab_matrix.c(218): warning: passing 'volatile RGB_t *' to parameter of type 'RGB_t *' discards qualifiers [-Wincompatible-pointer-types-discards-qualifiers]
        write_data(&screen_buffer[0][0], 0);//插入三个空数据
                   ^~~~~~~~~~~~~~~~~~~~
../rab_matrix.c(166): note: passing argument to parameter 'data' here
static inline void write_data(RGB_t *data, uint8_t mask)
                                     ^
../rab_matrix.c(219): warning: passing 'volatile RGB_t *' to parameter of type 'RGB_t *' discards qualifiers [-Wincompatible-pointer-types-discards-qualifiers]
        write_data(&screen_buffer[0][0], 0);
                   ^~~~~~~~~~~~~~~~~~~~
../rab_matrix.c(166): note: passing argument to parameter 'data' here
static inline void write_data(RGB_t *data, uint8_t mask)
                                     ^
../rab_matrix.c(220): warning: passing 'volatile RGB_t *' to parameter of type 'RGB_t *' discards qualifiers [-Wincompatible-pointer-types-discards-qualifiers]
        write_data(&screen_buffer[0][0], 0);
                   ^~~~~~~~~~~~~~~~~~~~
../rab_matrix.c(166): note: passing argument to parameter 'data' here
static inline void write_data(RGB_t *data, uint8_t mask)
                                     ^
../rab_matrix.c(223): warning: passing 'volatile RGB_t *' to parameter of type 'RGB_t *' discards qualifiers [-Wincompatible-pointer-types-discards-qualifiers]
                write_data(&screen_buffer[line+8][i], mask);
                           ^~~~~~~~~~~~~~~~~~~~~~~~~
../rab_matrix.c(166): note: passing argument to parameter 'data' here
static inline void write_data(RGB_t *data, uint8_t mask)
                                     ^
../rab_matrix.c(225): warning: passing 'volatile RGB_t *' to parameter of type 'RGB_t *' discards qualifiers [-Wincompatible-pointer-types-discards-qualifiers]
        write_data(&screen_buffer[0][0], 0);//插入三个空数据
                   ^~~~~~~~~~~~~~~~~~~~
../rab_matrix.c(166): note: passing argument to parameter 'data' here
static inline void write_data(RGB_t *data, uint8_t mask)
                                     ^
../rab_matrix.c(226): warning: passing 'volatile RGB_t *' to parameter of type 'RGB_t *' discards qualifiers [-Wincompatible-pointer-types-discards-qualifiers]
        write_data(&screen_buffer[0][0], 0);
                   ^~~~~~~~~~~~~~~~~~~~
../rab_matrix.c(166): note: passing argument to parameter 'data' here
static inline void write_data(RGB_t *data, uint8_t mask)
                                     ^
../rab_matrix.c(227): warning: passing 'volatile RGB_t *' to parameter of type 'RGB_t *' discards qualifiers [-Wincompatible-pointer-types-discards-qualifiers]
        write_data(&screen_buffer[0][0], 0);
                   ^~~~~~~~~~~~~~~~~~~~
../rab_matrix.c(166): note: passing argument to parameter 'data' here
static inline void write_data(RGB_t *data, uint8_t mask)
                                     ^
../rab_matrix.c(230): warning: passing 'volatile RGB_t *' to parameter of type 'RGB_t *' discards qualifiers [-Wincompatible-pointer-types-discards-qualifiers]
                write_data(&screen_buffer[line+8][i], mask);
                           ^~~~~~~~~~~~~~~~~~~~~~~~~
../rab_matrix.c(166): note: passing argument to parameter 'data' here
static inline void write_data(RGB_t *data, uint8_t mask)
                                     ^
../rab_matrix.c(233): warning: passing 'volatile RGB_t *' to parameter of type 'RGB_t *' discards qualifiers [-Wincompatible-pointer-types-discards-qualifiers]
        write_data(&screen_buffer[0][0], 0);//插入三个空数据
                   ^~~~~~~~~~~~~~~~~~~~
../rab_matrix.c(166): note: passing argument to parameter 'data' here
static inline void write_data(RGB_t *data, uint8_t mask)
                                     ^
../rab_matrix.c(234): warning: passing 'volatile RGB_t *' to parameter of type 'RGB_t *' discards qualifiers [-Wincompatible-pointer-types-discards-qualifiers]
        write_data(&screen_buffer[0][0], 0);
                   ^~~~~~~~~~~~~~~~~~~~
../rab_matrix.c(166): note: passing argument to parameter 'data' here
static inline void write_data(RGB_t *data, uint8_t mask)
                                     ^
../rab_matrix.c(235): warning: passing 'volatile RGB_t *' to parameter of type 'RGB_t *' discards qualifiers [-Wincompatible-pointer-types-discards-qualifiers]
        write_data(&screen_buffer[0][0], 0);
                   ^~~~~~~~~~~~~~~~~~~~
../rab_matrix.c(166): note: passing argument to parameter 'data' here
static inline void write_data(RGB_t *data, uint8_t mask)
                                     ^
../rab_matrix.c(238): warning: passing 'volatile RGB_t *' to parameter of type 'RGB_t *' discards qualifiers [-Wincompatible-pointer-types-discards-qualifiers]
                write_data(&screen_buffer[line][i], mask);
                           ^~~~~~~~~~~~~~~~~~~~~~~
../rab_matrix.c(166): note: passing argument to parameter 'data' here
static inline void write_data(RGB_t *data, uint8_t mask)
                                     ^
../rab_matrix.c(240): warning: passing 'volatile RGB_t *' to parameter of type 'RGB_t *' discards qualifiers [-Wincompatible-pointer-types-discards-qualifiers]
        write_data(&screen_buffer[0][0], 0);//插入四个空数据
                   ^~~~~~~~~~~~~~~~~~~~
../rab_matrix.c(166): note: passing argument to parameter 'data' here
static inline void write_data(RGB_t *data, uint8_t mask)
                                     ^
../rab_matrix.c(241): warning: passing 'volatile RGB_t *' to parameter of type 'RGB_t *' discards qualifiers [-Wincompatible-pointer-types-discards-qualifiers]
        write_data(&screen_buffer[0][0], 0);
                   ^~~~~~~~~~~~~~~~~~~~
../rab_matrix.c(166): note: passing argument to parameter 'data' here
static inline void write_data(RGB_t *data, uint8_t mask)
                                     ^
../rab_matrix.c(242): warning: passing 'volatile RGB_t *' to parameter of type 'RGB_t *' discards qualifiers [-Wincompatible-pointer-types-discards-qualifiers]
        write_data(&screen_buffer[0][0], 0);
                   ^~~~~~~~~~~~~~~~~~~~
../rab_matrix.c(166): note: passing argument to parameter 'data' here
static inline void write_data(RGB_t *data, uint8_t mask)
                                     ^
../rab_matrix.c(243): warning: passing 'volatile RGB_t *' to parameter of type 'RGB_t *' discards qualifiers [-Wincompatible-pointer-types-discards-qualifiers]
        write_data(&screen_buffer[0][0], 0);
                   ^~~~~~~~~~~~~~~~~~~~
../rab_matrix.c(166): note: passing argument to parameter 'data' here
static inline void write_data(RGB_t *data, uint8_t mask)
                                     ^
33 warnings generated.
compiling rab_matrix.c...
linking...
Program Size: Code=3610 RO-data=426 RW-data=4 ZI-data=5068  
FromELF: creating hex file...
".\output\Project.axf" - 0 Error(s), 33 Warning(s).

<h2>Software Packages used:</h2>

Package Vendor: ARM
                http://www.keil.com/pack/ARM.CMSIS.5.7.0.pack
                ARM.CMSIS.5.7.0
                CMSIS (Cortex Microcontroller Software Interface Standard)
   * Component: CORE Version: 5.4.0

Package Vendor: GigaDevice
                https://gd32mcu.com/data/documents/pack/GigaDevice.GD32F30x_DFP.2.2.1.pack
                GigaDevice.GD32F30x_DFP.2.2.1
                GigaDevice GD32F30x Series Device Support and Examples

<h2>Collection of Component include folders:</h2>
  .\RTE\_GD32F30X_HD
  D:\Users\32196\AppData\Local\Arm\Packs\ARM\CMSIS\5.7.0\CMSIS\Core\Include
  D:\Users\32196\AppData\Local\Arm\Packs\GigaDevice\GD32F30x_DFP\2.2.1\Device\Include

<h2>Collection of Component Files used:</h2>

   * Component: ARM::CMSIS:CORE:5.4.0
Build Time Elapsed:  00:00:01
</pre>
</body>
</html>
